// Jest Snapshot v1, https://goo.gl/fbAQLP

exports[`VehicleCard should match a snapshot 1`] = `
ShallowWrapper {
  "length": 1,
  Symbol(enzyme.__root__): [Circular],
  Symbol(enzyme.__unrendered__): <VehicleCard
    card={
        Object {
            "model": "Digger Crawler",
            "name": "Sand Crawler",
            "numberOfPassengers": "50",
            "vehicleClass": "wheeled",
          }
    }
    favorites={Array []}
    handleFavoriteClick={[Function]}
/>,
  Symbol(enzyme.__renderer__): Object {
    "batchedUpdates": [Function],
    "getNode": [Function],
    "render": [Function],
    "simulateEvent": [Function],
    "unmount": [Function],
  },
  Symbol(enzyme.__node__): Object {
    "instance": null,
    "key": undefined,
    "nodeType": "host",
    "props": Object {
      "children": <div>
        <div
                className="info-card__top-line"
        >
                <h3>
                        Sand Crawler
                </h3>
                <button
                        className=""
                        onClick={[Function]}
                />
        </div>
        <p>
                Model: 
                Digger Crawler
        </p>
        <p>
                Class: 
                wheeled
        </p>
        <p>
                Passengers: 
                50
        </p>
</div>,
      "className": "info-card",
    },
    "ref": null,
    "rendered": Object {
      "instance": null,
      "key": undefined,
      "nodeType": "host",
      "props": Object {
        "children": Array [
          <div
            className="info-card__top-line"
>
            <h3>
                        Sand Crawler
            </h3>
            <button
                        className=""
                        onClick={[Function]}
            />
</div>,
          <p>
            Model: 
            Digger Crawler
</p>,
          <p>
            Class: 
            wheeled
</p>,
          <p>
            Passengers: 
            50
</p>,
        ],
      },
      "ref": null,
      "rendered": Array [
        Object {
          "instance": null,
          "key": undefined,
          "nodeType": "host",
          "props": Object {
            "children": Array [
              <h3>
                Sand Crawler
</h3>,
              <button
                className=""
                onClick={[Function]}
/>,
            ],
            "className": "info-card__top-line",
          },
          "ref": null,
          "rendered": Array [
            Object {
              "instance": null,
              "key": undefined,
              "nodeType": "host",
              "props": Object {
                "children": "Sand Crawler",
              },
              "ref": null,
              "rendered": "Sand Crawler",
              "type": "h3",
            },
            Object {
              "instance": null,
              "key": undefined,
              "nodeType": "host",
              "props": Object {
                "className": "",
                "onClick": [Function],
              },
              "ref": null,
              "rendered": null,
              "type": "button",
            },
          ],
          "type": "div",
        },
        Object {
          "instance": null,
          "key": undefined,
          "nodeType": "host",
          "props": Object {
            "children": Array [
              "Model: ",
              "Digger Crawler",
            ],
          },
          "ref": null,
          "rendered": Array [
            "Model: ",
            "Digger Crawler",
          ],
          "type": "p",
        },
        Object {
          "instance": null,
          "key": undefined,
          "nodeType": "host",
          "props": Object {
            "children": Array [
              "Class: ",
              "wheeled",
            ],
          },
          "ref": null,
          "rendered": Array [
            "Class: ",
            "wheeled",
          ],
          "type": "p",
        },
        Object {
          "instance": null,
          "key": undefined,
          "nodeType": "host",
          "props": Object {
            "children": Array [
              "Passengers: ",
              "50",
            ],
          },
          "ref": null,
          "rendered": Array [
            "Passengers: ",
            "50",
          ],
          "type": "p",
        },
      ],
      "type": "div",
    },
    "type": "article",
  },
  Symbol(enzyme.__nodes__): Array [
    Object {
      "instance": null,
      "key": undefined,
      "nodeType": "host",
      "props": Object {
        "children": <div>
          <div
                    className="info-card__top-line"
          >
                    <h3>
                              Sand Crawler
                    </h3>
                    <button
                              className=""
                              onClick={[Function]}
                    />
          </div>
          <p>
                    Model: 
                    Digger Crawler
          </p>
          <p>
                    Class: 
                    wheeled
          </p>
          <p>
                    Passengers: 
                    50
          </p>
</div>,
        "className": "info-card",
      },
      "ref": null,
      "rendered": Object {
        "instance": null,
        "key": undefined,
        "nodeType": "host",
        "props": Object {
          "children": Array [
            <div
              className="info-card__top-line"
>
              <h3>
                            Sand Crawler
              </h3>
              <button
                            className=""
                            onClick={[Function]}
              />
</div>,
            <p>
              Model: 
              Digger Crawler
</p>,
            <p>
              Class: 
              wheeled
</p>,
            <p>
              Passengers: 
              50
</p>,
          ],
        },
        "ref": null,
        "rendered": Array [
          Object {
            "instance": null,
            "key": undefined,
            "nodeType": "host",
            "props": Object {
              "children": Array [
                <h3>
                  Sand Crawler
</h3>,
                <button
                  className=""
                  onClick={[Function]}
/>,
              ],
              "className": "info-card__top-line",
            },
            "ref": null,
            "rendered": Array [
              Object {
                "instance": null,
                "key": undefined,
                "nodeType": "host",
                "props": Object {
                  "children": "Sand Crawler",
                },
                "ref": null,
                "rendered": "Sand Crawler",
                "type": "h3",
              },
              Object {
                "instance": null,
                "key": undefined,
                "nodeType": "host",
                "props": Object {
                  "className": "",
                  "onClick": [Function],
                },
                "ref": null,
                "rendered": null,
                "type": "button",
              },
            ],
            "type": "div",
          },
          Object {
            "instance": null,
            "key": undefined,
            "nodeType": "host",
            "props": Object {
              "children": Array [
                "Model: ",
                "Digger Crawler",
              ],
            },
            "ref": null,
            "rendered": Array [
              "Model: ",
              "Digger Crawler",
            ],
            "type": "p",
          },
          Object {
            "instance": null,
            "key": undefined,
            "nodeType": "host",
            "props": Object {
              "children": Array [
                "Class: ",
                "wheeled",
              ],
            },
            "ref": null,
            "rendered": Array [
              "Class: ",
              "wheeled",
            ],
            "type": "p",
          },
          Object {
            "instance": null,
            "key": undefined,
            "nodeType": "host",
            "props": Object {
              "children": Array [
                "Passengers: ",
                "50",
              ],
            },
            "ref": null,
            "rendered": Array [
              "Passengers: ",
              "50",
            ],
            "type": "p",
          },
        ],
        "type": "div",
      },
      "type": "article",
    },
  ],
  Symbol(enzyme.__options__): Object {
    "adapter": ReactSixteenAdapter {
      "options": Object {
        "enableComponentDidUpdateOnSetState": true,
      },
    },
  },
}
`;
