// Jest Snapshot v1, https://goo.gl/fbAQLP

exports[`Header should match a snapshot 1`] = `
ShallowWrapper {
  "length": 1,
  Symbol(enzyme.__root__): [Circular],
  Symbol(enzyme.__unrendered__): <Header
    numberOfFavorites={0}
/>,
  Symbol(enzyme.__renderer__): Object {
    "batchedUpdates": [Function],
    "getNode": [Function],
    "render": [Function],
    "simulateEvent": [Function],
    "unmount": [Function],
  },
  Symbol(enzyme.__node__): Object {
    "instance": null,
    "key": undefined,
    "nodeType": "host",
    "props": Object {
      "children": Array [
        <h1
          className="header__h1"
>
          SWAPI-Box
</h1>,
        <ul
          className="nav"
>
          <li>
                    <NavLink
                              activeClassName="active"
                              ariaCurrent="true"
                              exact={true}
                              to="/"
                    >
                              Home
                    </NavLink>
          </li>
          <li>
                    <NavLink
                              activeClassName="active"
                              ariaCurrent="true"
                              to="/category/people"
                    >
                              People
                    </NavLink>
          </li>
          <li>
                    <NavLink
                              activeClassName="active"
                              ariaCurrent="true"
                              to="/category/planets"
                    >
                              Planets
                    </NavLink>
          </li>
          <li>
                    <NavLink
                              activeClassName="active"
                              ariaCurrent="true"
                              to="/category/vehicles"
                    >
                              Vehicles
                    </NavLink>
          </li>
</ul>,
        <NavLink
          activeClassName="active"
          ariaCurrent="true"
          className="header__favBtn"
          exact={true}
          to="/category/favorites"
>
          View Favorites
          <span
                    className="header__favCount"
          />
</NavLink>,
      ],
      "className": "header",
    },
    "ref": null,
    "rendered": Array [
      Object {
        "instance": null,
        "key": undefined,
        "nodeType": "host",
        "props": Object {
          "children": "SWAPI-Box",
          "className": "header__h1",
        },
        "ref": null,
        "rendered": "SWAPI-Box",
        "type": "h1",
      },
      Object {
        "instance": null,
        "key": undefined,
        "nodeType": "host",
        "props": Object {
          "children": Array [
            <li>
              <NavLink
                            activeClassName="active"
                            ariaCurrent="true"
                            exact={true}
                            to="/"
              >
                            Home
              </NavLink>
</li>,
            <li>
              <NavLink
                            activeClassName="active"
                            ariaCurrent="true"
                            to="/category/people"
              >
                            People
              </NavLink>
</li>,
            <li>
              <NavLink
                            activeClassName="active"
                            ariaCurrent="true"
                            to="/category/planets"
              >
                            Planets
              </NavLink>
</li>,
            <li>
              <NavLink
                            activeClassName="active"
                            ariaCurrent="true"
                            to="/category/vehicles"
              >
                            Vehicles
              </NavLink>
</li>,
          ],
          "className": "nav",
        },
        "ref": null,
        "rendered": Array [
          Object {
            "instance": null,
            "key": undefined,
            "nodeType": "host",
            "props": Object {
              "children": <NavLink
                activeClassName="active"
                ariaCurrent="true"
                exact={true}
                to="/"
>
                Home
</NavLink>,
            },
            "ref": null,
            "rendered": Object {
              "instance": null,
              "key": undefined,
              "nodeType": "function",
              "props": Object {
                "activeClassName": "active",
                "ariaCurrent": "true",
                "children": "Home",
                "exact": true,
                "to": "/",
              },
              "ref": null,
              "rendered": "Home",
              "type": [Function],
            },
            "type": "li",
          },
          Object {
            "instance": null,
            "key": undefined,
            "nodeType": "host",
            "props": Object {
              "children": <NavLink
                activeClassName="active"
                ariaCurrent="true"
                to="/category/people"
>
                People
</NavLink>,
            },
            "ref": null,
            "rendered": Object {
              "instance": null,
              "key": undefined,
              "nodeType": "function",
              "props": Object {
                "activeClassName": "active",
                "ariaCurrent": "true",
                "children": "People",
                "to": "/category/people",
              },
              "ref": null,
              "rendered": "People",
              "type": [Function],
            },
            "type": "li",
          },
          Object {
            "instance": null,
            "key": undefined,
            "nodeType": "host",
            "props": Object {
              "children": <NavLink
                activeClassName="active"
                ariaCurrent="true"
                to="/category/planets"
>
                Planets
</NavLink>,
            },
            "ref": null,
            "rendered": Object {
              "instance": null,
              "key": undefined,
              "nodeType": "function",
              "props": Object {
                "activeClassName": "active",
                "ariaCurrent": "true",
                "children": "Planets",
                "to": "/category/planets",
              },
              "ref": null,
              "rendered": "Planets",
              "type": [Function],
            },
            "type": "li",
          },
          Object {
            "instance": null,
            "key": undefined,
            "nodeType": "host",
            "props": Object {
              "children": <NavLink
                activeClassName="active"
                ariaCurrent="true"
                to="/category/vehicles"
>
                Vehicles
</NavLink>,
            },
            "ref": null,
            "rendered": Object {
              "instance": null,
              "key": undefined,
              "nodeType": "function",
              "props": Object {
                "activeClassName": "active",
                "ariaCurrent": "true",
                "children": "Vehicles",
                "to": "/category/vehicles",
              },
              "ref": null,
              "rendered": "Vehicles",
              "type": [Function],
            },
            "type": "li",
          },
        ],
        "type": "ul",
      },
      Object {
        "instance": null,
        "key": undefined,
        "nodeType": "function",
        "props": Object {
          "activeClassName": "active",
          "ariaCurrent": "true",
          "children": Array [
            "View Favorites",
            <span
              className="header__favCount"
/>,
          ],
          "className": "header__favBtn",
          "exact": true,
          "to": "/category/favorites",
        },
        "ref": null,
        "rendered": Array [
          "View Favorites",
          Object {
            "instance": null,
            "key": undefined,
            "nodeType": "host",
            "props": Object {
              "children": 0,
              "className": "header__favCount",
            },
            "ref": null,
            "rendered": 0,
            "type": "span",
          },
        ],
        "type": [Function],
      },
    ],
    "type": "header",
  },
  Symbol(enzyme.__nodes__): Array [
    Object {
      "instance": null,
      "key": undefined,
      "nodeType": "host",
      "props": Object {
        "children": Array [
          <h1
            className="header__h1"
>
            SWAPI-Box
</h1>,
          <ul
            className="nav"
>
            <li>
                        <NavLink
                                    activeClassName="active"
                                    ariaCurrent="true"
                                    exact={true}
                                    to="/"
                        >
                                    Home
                        </NavLink>
            </li>
            <li>
                        <NavLink
                                    activeClassName="active"
                                    ariaCurrent="true"
                                    to="/category/people"
                        >
                                    People
                        </NavLink>
            </li>
            <li>
                        <NavLink
                                    activeClassName="active"
                                    ariaCurrent="true"
                                    to="/category/planets"
                        >
                                    Planets
                        </NavLink>
            </li>
            <li>
                        <NavLink
                                    activeClassName="active"
                                    ariaCurrent="true"
                                    to="/category/vehicles"
                        >
                                    Vehicles
                        </NavLink>
            </li>
</ul>,
          <NavLink
            activeClassName="active"
            ariaCurrent="true"
            className="header__favBtn"
            exact={true}
            to="/category/favorites"
>
            View Favorites
            <span
                        className="header__favCount"
            />
</NavLink>,
        ],
        "className": "header",
      },
      "ref": null,
      "rendered": Array [
        Object {
          "instance": null,
          "key": undefined,
          "nodeType": "host",
          "props": Object {
            "children": "SWAPI-Box",
            "className": "header__h1",
          },
          "ref": null,
          "rendered": "SWAPI-Box",
          "type": "h1",
        },
        Object {
          "instance": null,
          "key": undefined,
          "nodeType": "host",
          "props": Object {
            "children": Array [
              <li>
                <NavLink
                                activeClassName="active"
                                ariaCurrent="true"
                                exact={true}
                                to="/"
                >
                                Home
                </NavLink>
</li>,
              <li>
                <NavLink
                                activeClassName="active"
                                ariaCurrent="true"
                                to="/category/people"
                >
                                People
                </NavLink>
</li>,
              <li>
                <NavLink
                                activeClassName="active"
                                ariaCurrent="true"
                                to="/category/planets"
                >
                                Planets
                </NavLink>
</li>,
              <li>
                <NavLink
                                activeClassName="active"
                                ariaCurrent="true"
                                to="/category/vehicles"
                >
                                Vehicles
                </NavLink>
</li>,
            ],
            "className": "nav",
          },
          "ref": null,
          "rendered": Array [
            Object {
              "instance": null,
              "key": undefined,
              "nodeType": "host",
              "props": Object {
                "children": <NavLink
                  activeClassName="active"
                  ariaCurrent="true"
                  exact={true}
                  to="/"
>
                  Home
</NavLink>,
              },
              "ref": null,
              "rendered": Object {
                "instance": null,
                "key": undefined,
                "nodeType": "function",
                "props": Object {
                  "activeClassName": "active",
                  "ariaCurrent": "true",
                  "children": "Home",
                  "exact": true,
                  "to": "/",
                },
                "ref": null,
                "rendered": "Home",
                "type": [Function],
              },
              "type": "li",
            },
            Object {
              "instance": null,
              "key": undefined,
              "nodeType": "host",
              "props": Object {
                "children": <NavLink
                  activeClassName="active"
                  ariaCurrent="true"
                  to="/category/people"
>
                  People
</NavLink>,
              },
              "ref": null,
              "rendered": Object {
                "instance": null,
                "key": undefined,
                "nodeType": "function",
                "props": Object {
                  "activeClassName": "active",
                  "ariaCurrent": "true",
                  "children": "People",
                  "to": "/category/people",
                },
                "ref": null,
                "rendered": "People",
                "type": [Function],
              },
              "type": "li",
            },
            Object {
              "instance": null,
              "key": undefined,
              "nodeType": "host",
              "props": Object {
                "children": <NavLink
                  activeClassName="active"
                  ariaCurrent="true"
                  to="/category/planets"
>
                  Planets
</NavLink>,
              },
              "ref": null,
              "rendered": Object {
                "instance": null,
                "key": undefined,
                "nodeType": "function",
                "props": Object {
                  "activeClassName": "active",
                  "ariaCurrent": "true",
                  "children": "Planets",
                  "to": "/category/planets",
                },
                "ref": null,
                "rendered": "Planets",
                "type": [Function],
              },
              "type": "li",
            },
            Object {
              "instance": null,
              "key": undefined,
              "nodeType": "host",
              "props": Object {
                "children": <NavLink
                  activeClassName="active"
                  ariaCurrent="true"
                  to="/category/vehicles"
>
                  Vehicles
</NavLink>,
              },
              "ref": null,
              "rendered": Object {
                "instance": null,
                "key": undefined,
                "nodeType": "function",
                "props": Object {
                  "activeClassName": "active",
                  "ariaCurrent": "true",
                  "children": "Vehicles",
                  "to": "/category/vehicles",
                },
                "ref": null,
                "rendered": "Vehicles",
                "type": [Function],
              },
              "type": "li",
            },
          ],
          "type": "ul",
        },
        Object {
          "instance": null,
          "key": undefined,
          "nodeType": "function",
          "props": Object {
            "activeClassName": "active",
            "ariaCurrent": "true",
            "children": Array [
              "View Favorites",
              <span
                className="header__favCount"
/>,
            ],
            "className": "header__favBtn",
            "exact": true,
            "to": "/category/favorites",
          },
          "ref": null,
          "rendered": Array [
            "View Favorites",
            Object {
              "instance": null,
              "key": undefined,
              "nodeType": "host",
              "props": Object {
                "children": 0,
                "className": "header__favCount",
              },
              "ref": null,
              "rendered": 0,
              "type": "span",
            },
          ],
          "type": [Function],
        },
      ],
      "type": "header",
    },
  ],
  Symbol(enzyme.__options__): Object {
    "adapter": ReactSixteenAdapter {
      "options": Object {
        "enableComponentDidUpdateOnSetState": true,
      },
    },
  },
}
`;
