// Jest Snapshot v1, https://goo.gl/fbAQLP

exports[`PersonCard should match a snapshot 1`] = `
ShallowWrapper {
  "length": 1,
  Symbol(enzyme.__root__): [Circular],
  Symbol(enzyme.__unrendered__): <PersonCard
    card={
        Object {
            "homeworld": "tatooine",
            "name": "Obi-Wan",
            "population": "1000",
            "species": "human",
          }
    }
    favorites={Array []}
    handleFavoriteClick={[Function]}
/>,
  Symbol(enzyme.__renderer__): Object {
    "batchedUpdates": [Function],
    "getNode": [Function],
    "render": [Function],
    "simulateEvent": [Function],
    "unmount": [Function],
  },
  Symbol(enzyme.__node__): Object {
    "instance": null,
    "key": undefined,
    "nodeType": "host",
    "props": Object {
      "children": <div>
        <div
                className="info-card__top-line"
        >
                <h3>
                        Obi-Wan
                </h3>
                <button
                        className=""
                        onClick={[Function]}
                />
        </div>
        <p>
                Homeworld: 
                tatooine
        </p>
        <p>
                Species: 
                human
        </p>
        <p>
                Home Population: 
                1,000
        </p>
</div>,
      "className": "info-card",
    },
    "ref": null,
    "rendered": Object {
      "instance": null,
      "key": undefined,
      "nodeType": "host",
      "props": Object {
        "children": Array [
          <div
            className="info-card__top-line"
>
            <h3>
                        Obi-Wan
            </h3>
            <button
                        className=""
                        onClick={[Function]}
            />
</div>,
          <p>
            Homeworld: 
            tatooine
</p>,
          <p>
            Species: 
            human
</p>,
          <p>
            Home Population: 
            1,000
</p>,
        ],
      },
      "ref": null,
      "rendered": Array [
        Object {
          "instance": null,
          "key": undefined,
          "nodeType": "host",
          "props": Object {
            "children": Array [
              <h3>
                Obi-Wan
</h3>,
              <button
                className=""
                onClick={[Function]}
/>,
            ],
            "className": "info-card__top-line",
          },
          "ref": null,
          "rendered": Array [
            Object {
              "instance": null,
              "key": undefined,
              "nodeType": "host",
              "props": Object {
                "children": "Obi-Wan",
              },
              "ref": null,
              "rendered": "Obi-Wan",
              "type": "h3",
            },
            Object {
              "instance": null,
              "key": undefined,
              "nodeType": "host",
              "props": Object {
                "className": "",
                "onClick": [Function],
              },
              "ref": null,
              "rendered": null,
              "type": "button",
            },
          ],
          "type": "div",
        },
        Object {
          "instance": null,
          "key": undefined,
          "nodeType": "host",
          "props": Object {
            "children": Array [
              "Homeworld: ",
              "tatooine",
            ],
          },
          "ref": null,
          "rendered": Array [
            "Homeworld: ",
            "tatooine",
          ],
          "type": "p",
        },
        Object {
          "instance": null,
          "key": undefined,
          "nodeType": "host",
          "props": Object {
            "children": Array [
              "Species: ",
              "human",
            ],
          },
          "ref": null,
          "rendered": Array [
            "Species: ",
            "human",
          ],
          "type": "p",
        },
        Object {
          "instance": null,
          "key": undefined,
          "nodeType": "host",
          "props": Object {
            "children": Array [
              "Home Population: ",
              "1,000",
            ],
          },
          "ref": null,
          "rendered": Array [
            "Home Population: ",
            "1,000",
          ],
          "type": "p",
        },
      ],
      "type": "div",
    },
    "type": "article",
  },
  Symbol(enzyme.__nodes__): Array [
    Object {
      "instance": null,
      "key": undefined,
      "nodeType": "host",
      "props": Object {
        "children": <div>
          <div
                    className="info-card__top-line"
          >
                    <h3>
                              Obi-Wan
                    </h3>
                    <button
                              className=""
                              onClick={[Function]}
                    />
          </div>
          <p>
                    Homeworld: 
                    tatooine
          </p>
          <p>
                    Species: 
                    human
          </p>
          <p>
                    Home Population: 
                    1,000
          </p>
</div>,
        "className": "info-card",
      },
      "ref": null,
      "rendered": Object {
        "instance": null,
        "key": undefined,
        "nodeType": "host",
        "props": Object {
          "children": Array [
            <div
              className="info-card__top-line"
>
              <h3>
                            Obi-Wan
              </h3>
              <button
                            className=""
                            onClick={[Function]}
              />
</div>,
            <p>
              Homeworld: 
              tatooine
</p>,
            <p>
              Species: 
              human
</p>,
            <p>
              Home Population: 
              1,000
</p>,
          ],
        },
        "ref": null,
        "rendered": Array [
          Object {
            "instance": null,
            "key": undefined,
            "nodeType": "host",
            "props": Object {
              "children": Array [
                <h3>
                  Obi-Wan
</h3>,
                <button
                  className=""
                  onClick={[Function]}
/>,
              ],
              "className": "info-card__top-line",
            },
            "ref": null,
            "rendered": Array [
              Object {
                "instance": null,
                "key": undefined,
                "nodeType": "host",
                "props": Object {
                  "children": "Obi-Wan",
                },
                "ref": null,
                "rendered": "Obi-Wan",
                "type": "h3",
              },
              Object {
                "instance": null,
                "key": undefined,
                "nodeType": "host",
                "props": Object {
                  "className": "",
                  "onClick": [Function],
                },
                "ref": null,
                "rendered": null,
                "type": "button",
              },
            ],
            "type": "div",
          },
          Object {
            "instance": null,
            "key": undefined,
            "nodeType": "host",
            "props": Object {
              "children": Array [
                "Homeworld: ",
                "tatooine",
              ],
            },
            "ref": null,
            "rendered": Array [
              "Homeworld: ",
              "tatooine",
            ],
            "type": "p",
          },
          Object {
            "instance": null,
            "key": undefined,
            "nodeType": "host",
            "props": Object {
              "children": Array [
                "Species: ",
                "human",
              ],
            },
            "ref": null,
            "rendered": Array [
              "Species: ",
              "human",
            ],
            "type": "p",
          },
          Object {
            "instance": null,
            "key": undefined,
            "nodeType": "host",
            "props": Object {
              "children": Array [
                "Home Population: ",
                "1,000",
              ],
            },
            "ref": null,
            "rendered": Array [
              "Home Population: ",
              "1,000",
            ],
            "type": "p",
          },
        ],
        "type": "div",
      },
      "type": "article",
    },
  ],
  Symbol(enzyme.__options__): Object {
    "adapter": ReactSixteenAdapter {
      "options": Object {
        "enableComponentDidUpdateOnSetState": true,
      },
    },
    "disableLifecycleMethods": true,
  },
}
`;
