// Jest Snapshot v1, https://goo.gl/fbAQLP

exports[`MainBtnGroup should match a snapshot 1`] = `
ShallowWrapper {
  "length": 1,
  Symbol(enzyme.__root__): [Circular],
  Symbol(enzyme.__unrendered__): <MainBtnGroup
    currentCategory=""
    selectCategory={[Function]}
/>,
  Symbol(enzyme.__renderer__): Object {
    "batchedUpdates": [Function],
    "getNode": [Function],
    "render": [Function],
    "simulateEvent": [Function],
    "unmount": [Function],
  },
  Symbol(enzyme.__node__): Object {
    "instance": null,
    "key": undefined,
    "nodeType": "host",
    "props": Object {
      "children": Array [
        <Button
          btnText="people"
          isSelected=""
          selectCategory={[Function]}
/>,
        <Button
          btnText="planets"
          isSelected=""
          selectCategory={[Function]}
/>,
        <Button
          btnText="vehicles"
          isSelected=""
          selectCategory={[Function]}
/>,
      ],
      "className": "mainBtnGroup",
    },
    "ref": null,
    "rendered": Array [
      Object {
        "instance": null,
        "key": "0",
        "nodeType": "function",
        "props": Object {
          "btnText": "people",
          "isSelected": "",
          "selectCategory": [Function],
        },
        "ref": null,
        "rendered": null,
        "type": [Function],
      },
      Object {
        "instance": null,
        "key": "1",
        "nodeType": "function",
        "props": Object {
          "btnText": "planets",
          "isSelected": "",
          "selectCategory": [Function],
        },
        "ref": null,
        "rendered": null,
        "type": [Function],
      },
      Object {
        "instance": null,
        "key": "2",
        "nodeType": "function",
        "props": Object {
          "btnText": "vehicles",
          "isSelected": "",
          "selectCategory": [Function],
        },
        "ref": null,
        "rendered": null,
        "type": [Function],
      },
    ],
    "type": "div",
  },
  Symbol(enzyme.__nodes__): Array [
    Object {
      "instance": null,
      "key": undefined,
      "nodeType": "host",
      "props": Object {
        "children": Array [
          <Button
            btnText="people"
            isSelected=""
            selectCategory={[Function]}
/>,
          <Button
            btnText="planets"
            isSelected=""
            selectCategory={[Function]}
/>,
          <Button
            btnText="vehicles"
            isSelected=""
            selectCategory={[Function]}
/>,
        ],
        "className": "mainBtnGroup",
      },
      "ref": null,
      "rendered": Array [
        Object {
          "instance": null,
          "key": "0",
          "nodeType": "function",
          "props": Object {
            "btnText": "people",
            "isSelected": "",
            "selectCategory": [Function],
          },
          "ref": null,
          "rendered": null,
          "type": [Function],
        },
        Object {
          "instance": null,
          "key": "1",
          "nodeType": "function",
          "props": Object {
            "btnText": "planets",
            "isSelected": "",
            "selectCategory": [Function],
          },
          "ref": null,
          "rendered": null,
          "type": [Function],
        },
        Object {
          "instance": null,
          "key": "2",
          "nodeType": "function",
          "props": Object {
            "btnText": "vehicles",
            "isSelected": "",
            "selectCategory": [Function],
          },
          "ref": null,
          "rendered": null,
          "type": [Function],
        },
      ],
      "type": "div",
    },
  ],
  Symbol(enzyme.__options__): Object {
    "adapter": ReactSixteenAdapter {
      "options": Object {
        "enableComponentDidUpdateOnSetState": true,
      },
    },
  },
}
`;
